\BOOKMARK [1][-]{section.1}{\376\377\000I\000n\000f\000e\000r\000e\000n\000c\000e\000\040\000t\000o\000\040\000O\000n\000e\000\040\000P\000o\000p\000u\000l\000a\000t\000i\000o\000n\000\040\000M\000e\000a\000n}{}% 1
\BOOKMARK [2][-]{subsection.1.1}{\376\377\000O\000n\000e\000\040\000s\000a\000m\000p\000l\000e\000\040\000z\000-\000t\000e\000s\000t}{section.1}% 2
\BOOKMARK [2][-]{subsection.1.2}{\376\377\000O\000n\000e\000\040\000s\000a\000m\000p\000l\000e\000\040\000t\000-\000t\000e\000s\000t}{section.1}% 3
\BOOKMARK [1][-]{section.2}{\376\377\000T\000w\000o\000\040\000G\000r\000o\000u\000p\000s}{}% 4
\BOOKMARK [2][-]{subsection.2.1}{\376\377\000A\000s\000s\000u\000m\000e\000d\000\040\000H\000o\000m\000o\000s\000c\000e\000d\000a\000s\000t\000i\000c\000i\000t\000y\000\040\040\023\000\040\000P\000o\000o\000l\000e\000d\000\040\000V\000a\000r\000i\000a\000n\000c\000e\000\040\000t\000-\000T\000e\000s\000t}{section.2}% 5
\BOOKMARK [2][-]{subsection.2.2}{\376\377\000H\000e\000t\000e\000r\000o\000s\000c\000e\000d\000a\000s\000t\000i\000c\000i\000t\000y\000\040\040\023\000\040\000W\000e\000l\000c\000h\000\040\000t\000-\000T\000e\000s\000t}{section.2}% 6
\BOOKMARK [2][-]{subsection.2.3}{\376\377\000P\000a\000i\000r\000e\000d\000\040\000D\000e\000s\000i\000g\000n\000\040\040\023\000\040\000P\000a\000i\000r\000e\000d\000\040\000t\000-\000T\000e\000s\000t}{section.2}% 7
\BOOKMARK [1][-]{section.3}{\376\377\000C\000o\000m\000p\000l\000e\000t\000e\000l\000y\000\040\000R\000a\000n\000d\000o\000m\000i\000z\000e\000d\000\040\000D\000e\000s\000i\000g\000n\000,\000\040\000O\000n\000e\000\040\000F\000a\000c\000t\000o\000r\000,\000\040\0002\000\040\000L\000e\000v\000e\000l\000s}{}% 8
\BOOKMARK [2][-]{subsection.3.1}{\376\377\000O\000n\000e\000\040\000W\000a\000y\000\040\000A\000N\000O\000V\000A\000\040\000-\000\040\000F\000i\000x\000e\000d\000\040\000E\000f\000f\000e\000c\000t\000s}{section.3}% 9
\BOOKMARK [2][-]{subsection.3.2}{\376\377\000O\000n\000e\000\040\000W\000a\000y\000\040\000A\000N\000O\000V\000A\000\040\000-\000\040\000R\000a\000n\000d\000o\000m\000\040\000E\000f\000f\000e\000c\000t\000s}{section.3}% 10
\BOOKMARK [1][-]{section.4}{\376\377\000F\000a\000c\000t\000o\000r\000i\000a\000l\000\040\000d\000e\000s\000i\000g\000n\000s}{}% 11
\BOOKMARK [2][-]{subsection.4.1}{\376\377\000T\000w\000o\000\040\000W\000a\000y\000\040\000F\000a\000c\000t\000o\000r\000i\000a\000l\000\040\040\023\000\040\000T\000w\000o\000\040\000F\000i\000x\000e\000d\000\040\000F\000a\000c\000t\000o\000r\000s}{section.4}% 12
\BOOKMARK [2][-]{subsection.4.2}{\376\377\000T\000w\000o\000\040\000W\000a\000y\000\040\000F\000a\000c\000t\000o\000r\000i\000a\000l\000\040\040\023\000\040\000O\000n\000e\000\040\000F\000i\000x\000e\000d\000,\000\040\000O\000n\000e\000\040\000R\000a\000n\000d\000o\000m\000\040\000F\000a\000c\000t\000o\000r}{section.4}% 13
\BOOKMARK [2][-]{subsection.4.3}{\376\377\000T\000w\000o\000\040\000W\000a\000y\000\040\000F\000a\000c\000t\000o\000r\000i\000a\000l\000\040\040\023\000\040\000T\000w\000o\000\040\000R\000a\000n\000d\000o\000m\000\040\000F\000a\000c\000t\000o\000r\000s}{section.4}% 14
\BOOKMARK [2][-]{subsection.4.4}{\376\377\000T\000h\000r\000e\000e\000\040\000W\000a\000y\000\040\000F\000a\000c\000t\000o\000r\000i\000a\000l\000\040\000\050\000C\000R\000F\000D\000\051\000\040\040\023\000\040\000T\000h\000r\000e\000e\000\040\000F\000i\000x\000e\000d\000\040\000F\000a\000c\000t\000o\000r\000s}{section.4}% 15
\BOOKMARK [1][-]{section.5}{\376\377\000R\000a\000n\000d\000o\000m\000i\000z\000e\000d\000\040\000B\000l\000o\000c\000k\000\040\000D\000e\000s\000i\000g\000n\000s}{}% 16
\BOOKMARK [2][-]{subsection.5.1}{\376\377\000R\000a\000n\000d\000o\000m\000i\000z\000e\000d\000\040\000C\000o\000m\000p\000l\000e\000t\000e\000\040\000B\000l\000o\000c\000k\000\040\000D\000e\000s\000i\000g\000n\000\040\000\050\000R\000C\000B\000D\000\051}{section.5}% 17
\BOOKMARK [2][-]{subsection.5.2}{\376\377\000R\000C\000B\000D\000\040\000w\000i\000t\000h\000\040\000R\000a\000n\000d\000o\000m\000\040\000B\000l\000o\000c\000k\000s}{section.5}% 18
\BOOKMARK [2][-]{subsection.5.3}{\376\377\000G\000e\000n\000e\000r\000a\000l\000i\000z\000e\000d\000\040\000C\000o\000m\000p\000l\000e\000t\000e\000\040\000B\000l\000o\000c\000k\000\040\000D\000e\000s\000i\000g\000n\000\040\000\050\000G\000C\000B\000\051\000\040\000-\000\040\000i\000.\000e\000.\000\040\000r\000e\000p\000l\000i\000c\000a\000t\000e\000d\000\040\000R\000C\000B\000D}{section.5}% 19
\BOOKMARK [2][-]{subsection.5.4}{\376\377\000L\000a\000t\000i\000n\000\040\000S\000q\000u\000a\000r\000e\000\040\000D\000e\000s\000i\000g\000n\000\040\000\050\000L\000S\000D\000\051}{section.5}% 20
\BOOKMARK [1][-]{section.6}{\376\377\000F\000r\000a\000c\000t\000i\000o\000n\000a\000l\000\040\000F\000a\000c\000t\000o\000r\000i\000a\000l\000\040\000D\000e\000s\000i\000g\000n\000s}{}% 21
\BOOKMARK [1][-]{section.7}{\376\377\000I\000n\000c\000o\000m\000p\000l\000e\000t\000e\000\040\000a\000n\000d\000\040\000C\000o\000n\000f\000o\000u\000n\000d\000e\000d\000\040\000B\000l\000o\000c\000k\000\040\000D\000e\000s\000i\000g\000n\000s}{}% 22
\BOOKMARK [2][-]{subsection.7.1}{\376\377\000B\000a\000l\000a\000n\000c\000e\000d\000\040\000I\000n\000c\000o\000m\000p\000l\000e\000t\000e\000\040\000B\000l\000o\000c\000k\000\040\000D\000e\000s\000i\000g\000n\000\040\000\050\000B\000I\000B\000D\000\051}{section.7}% 23
\BOOKMARK [2][-]{subsection.7.2}{\376\377\000P\000a\000r\000t\000i\000a\000l\000y\000\040\000B\000a\000l\000a\000n\000c\000e\000d\000\040\000I\000n\000c\000o\000m\000p\000l\000e\000t\000e\000\040\000B\000l\000o\000c\000k\000\040\000D\000e\000s\000i\000g\000n\000\040\000\050\000P\000B\000I\000B\000\051}{section.7}% 24
\BOOKMARK [2][-]{subsection.7.3}{\376\377\000C\000o\000n\000f\000o\000u\000n\000d\000e\000d\000\040\0002\000k\000\040\000a\000n\000d\000\040\0002\000k\000-\000p\000\040\000D\000e\000s\000i\000g\000n}{section.7}% 25
\BOOKMARK [2][-]{subsection.7.4}{\376\377\000P\000a\000r\000t\000i\000a\000l\000l\000y\000\040\000C\000o\000n\000f\000o\000u\000n\000d\000e\000d\000\040\000B\000l\000o\000c\000k\000e\000d\000\040\000F\000a\000c\000t\000o\000r\000i\000a\000l\000\040\000D\000e\000s\000i\000g\000n\000\040\000\050\000P\000C\000B\000F\000\051}{section.7}% 26
\BOOKMARK [1][-]{section.8}{\376\377\000N\000e\000s\000t\000e\000d\000\040\000D\000e\000s\000i\000g\000n\000s\000\040\000\050\000N\000S\000E\000\051}{}% 27
\BOOKMARK [2][-]{subsection.8.1}{\376\377\000T\000w\000o\000\040\000S\000t\000a\000g\000e\000\040\000N\000e\000s\000t\000e\000d\000\040\000D\000e\000s\000i\000g\000n\000\040\040\023\000\040\000O\000n\000e\000\040\000R\000a\000n\000d\000o\000m\000\040\000N\000e\000s\000t\000e\000d\000\040\000F\000a\000c\000t\000o\000r}{section.8}% 28
\BOOKMARK [2][-]{subsection.8.2}{\376\377\000T\000w\000o\000\040\000S\000t\000a\000g\000e\000\040\000N\000e\000s\000t\000e\000d\000\040\000D\000e\000s\000i\000g\000n\000\040\040\023\000\040\000B\000o\000t\000h\000\040\000F\000a\000c\000t\000o\000r\000s\000\040\000R\000a\000n\000d\000o\000m}{section.8}% 29
\BOOKMARK [2][-]{subsection.8.3}{\376\377\000T\000h\000r\000e\000e\000\040\000S\000t\000a\000g\000e\000\040\000N\000e\000s\000t\000e\000d\000\040\000D\000e\000s\000i\000g\000n\000\040\040\023\000\040\000T\000w\000o\000\040\000R\000a\000n\000d\000o\000m\000\040\000N\000e\000s\000t\000e\000d\000\040\000F\000a\000c\000t\000o\000r\000s}{section.8}% 30
\BOOKMARK [1][-]{section.9}{\376\377\000S\000p\000l\000i\000t\000\040\000a\000n\000d\000\040\000S\000t\000r\000i\000p\000-\000P\000l\000o\000t\000\040\000D\000e\000s\000i\000g\000n\000s}{}% 31
\BOOKMARK [2][-]{subsection.9.1}{\376\377\000C\000R\000D\000\040\000i\000n\000\040\000W\000h\000o\000l\000e\000-\000P\000l\000o\000t\000s\000\040\000D\000e\000s\000i\000g\000n\000\040\000\050\000C\000R\000S\000P\000\051}{section.9}% 32
\BOOKMARK [2][-]{subsection.9.2}{\376\377\000C\000R\000S\000P\000\040\000w\000i\000t\000h\000\040\000M\000i\000x\000e\000d\000\040\000M\000o\000d\000e\000l\000s}{section.9}% 33
\BOOKMARK [2][-]{subsection.9.3}{\376\377\000R\000B\000D\000\040\000i\000n\000\040\000W\000h\000o\000l\000e\000-\000P\000l\000o\000t\000s\000\040\000D\000e\000s\000i\000g\000n\000\040\000\050\000R\000B\000S\000P\000\051}{section.9}% 34
\BOOKMARK [2][-]{subsection.9.4}{\376\377\000R\000B\000S\000P\000\040\000w\000i\000t\000h\000\040\000M\000i\000x\000e\000d\000\040\000M\000o\000d\000e\000l\000s}{section.9}% 35
\BOOKMARK [2][-]{subsection.9.5}{\376\377\000S\000p\000l\000i\000t\000-\000S\000p\000l\000i\000t\000-\000P\000l\000o\000t\000\040\000D\000e\000s\000i\000g\000n}{section.9}% 36
\BOOKMARK [2][-]{subsection.9.6}{\376\377\000S\000t\000r\000i\000p\000\040\000P\000l\000o\000t\000\040\000D\000e\000s\000i\000g\000n\000s}{section.9}% 37
\BOOKMARK [1][-]{section.10}{\376\377\000R\000e\000p\000e\000a\000t\000e\000d\000\040\000M\000e\000a\000s\000u\000r\000e\000d\000\040\000D\000e\000s\000i\000g\000n\000s}{}% 38
\BOOKMARK [2][-]{subsection.10.1}{\376\377\000R\000e\000p\000e\000a\000t\000e\000d\000\040\000M\000e\000a\000s\000u\000r\000e\000s\000\040\000a\000s\000\040\000a\000n\000\040\000R\000C\000B\000D}{section.10}% 39
\BOOKMARK [2][-]{subsection.10.2}{\376\377\000S\000p\000l\000i\000t\000-\000P\000l\000o\000t\000\040\000i\000n\000\040\000T\000i\000m\000e}{section.10}% 40
\BOOKMARK [2][-]{subsection.10.3}{\376\377\000R\000e\000p\000e\000a\000t\000e\000d\000\040\000M\000e\000a\000s\000u\000r\000e\000s\000\040\000A\000N\000O\000V\000A\000\040\040\023\000\040\000A\000n\000a\000l\000y\000s\000i\000s\000\040\000o\000f\000\040\000C\000o\000n\000t\000r\000a\000s\000t\000s}{section.10}% 41
\BOOKMARK [2][-]{subsection.10.4}{\376\377\000R\000e\000p\000e\000a\000t\000e\000d\000\040\000M\000e\000a\000s\000u\000r\000e\000s\000\040\040\023\000\040\000M\000i\000x\000e\000d\000\040\000M\000o\000d\000e\000l\000\040\000A\000p\000p\000r\000o\000a\000c\000h\000e\000s}{section.10}% 42
\BOOKMARK [1][-]{section.11}{\376\377\000R\000e\000s\000p\000o\000n\000s\000e\000\040\000S\000u\000r\000f\000a\000c\000e\000\040\000D\000e\000s\000i\000g\000n\000s}{}% 43
